aida_s = AIDA Shinra <aida_s@users.sourceforge.net>
alexkhansen = Alexander Hansen <alexkhansen@users.sourceforge.net>
arohl = Andrew Rohl <arohl@users.sourceforge.net>
asari = ASARI Takashi <asari@users.sourceforge.net>
ashley-y = Ashley Yakeley <ashley-y@users.sourceforge.net>
babayoshihiko = BABA Yoshihiko <babayoshihiko@users.sourceforge.net>
bbraun = Rob Braun <bbraun@users.sourceforge.net>
bcully = Brendan Cully <bcully@users.sourceforge.net>
benh57 = Ben Hines <benh57@users.sourceforge.net>
beren12 = Chris Zubrzycki <beren12@users.sourceforge.net>
bmaret = Sebastien Maret <bmaret@users.sourceforge.net>
carstenklapp = Carsten Klapp <carstenklapp@users.sourceforge.net>
cattrap = Matt Stephenson <cattrap@users.sourceforge.net>
chris01 = Christian Schaffner <chris01@users.sourceforge.net>
chrisdolan = Chris Dolan <chrisdolan@users.sourceforge.net>
chrisp = Christoph Pfisterer <chrisp@users.sourceforge.net>
claudio87 = Claudio Gargiulo <claudio87@users.sourceforge.net>
clepple = Charles Lepple <clepple@users.sourceforge.net>
costabel = Martin Costabel <costabel@users.sourceforge.net>
crhalpin = Corey Halpin <crhalpin@users.sourceforge.net>
cswinehart = Christian Swinehart <cswinehart@users.sourceforge.net>
danielj7 = Daniel Johnson <daniel@daniel-johnson.org>
daveschroeder = Dave Schroeder <daveschroeder@users.sourceforge.net>
dazjorz = Sjors Gielen <dazjorz@users.sourceforge.net>
dbreiser = Dave Reiser <dbreiser@users.sourceforge.net>
dmacks = Daniel Macks <dmacks@users.sourceforge.net>
dmalloc = Darian Lanx <dmalloc@users.sourceforge.net>
dmrrsn = David R. Morrison <dmrrsn@users.sourceforge.net>
driftkop = Koen van der Drift <driftkop@users.sourceforge.net>
dsias = Dustin Sias <dsias@users.sourceforge.net>
ebroder = Evan Broder <ebroder@users.sourceforge.net>
eighthave = Hans-Christoph Steiner <hans@eds.org>
fangism = David Fang <fangism@users.sourceforge.net>
fede_dev = fede_dev <fede_dev@users.sourceforge.net>
fingolfin = Max Horn <max@quendi.de>
finkcvs = Sancho Panza <finkcvs@users.sourceforge.net>
finlayd = Finlay Dobbie <finlayd@users.sourceforge.net>
freckle = Matthias Ringwald <freckle@users.sourceforge.net>
g5cpu = Christian Putze <g5cpu@users.sourceforge.net>
gecko2 = Andreas Gockel <gecko2@users.sourceforge.net>
getphuture = Pierre-Henri Lavigne <getphuture@users.sourceforge.net>
goatbar = Kurt Schwehr <goatbar@users.sourceforge.net>
gyar = gyar <gyar@users.sourceforge.net>
hicky = Yasushi HIKIDA <hicky@users.sourceforge.net>
horsager = horsager <horsager@users.sourceforge.net>
htodd = Hisashi Todd Fujinaka <htodd@users.sourceforge.net>
jackfink = Jack Fink <jackfink@users.sourceforge.net>
jadestorm = Daniel Henninger <jadestorm@users.sourceforge.net>
jasonrm = Jason R. Mastaler <jasonrm@users.sourceforge.net>
jeff_yecn = Jeff Ye <jeff_yecn@users.sourceforge.net>
jem = Jeremy Higgs <jem@users.sourceforge.net>
jessealama = Jesse Alama <jessealama@users.sourceforge.net>
jfmertens = Jean-François Mertens <jfmertens@users.sourceforge.net>
jimgibbs = James Gibbs <jimgibbs@users.sourceforge.net>
jswhit = Jeff Whitaker <jswhit@users.sourceforge.net>
jwhowarth = Jack Howarth <jwhowarth@users.sourceforge.net>
k-m_schindler = K.-M. Schindler <k-m_schindler@users.sourceforge.net>
kalx = Gianmichele Pileri <kalx@users.sourceforge.net>
kconger = Keith Conger <kconger@users.sourceforge.net>
kilian = Kilian Koepsell <kilian@users.sourceforge.net>
landonf = Landon Fuller <landonf@users.sourceforge.net>
lrosengreen = Lars Rosengreen <lrosengreen@users.sourceforge.net>
masklin = Chris Leishman <masklin@users.sourceforge.net>
mathmeye = Mathias Meyer <mathmeye@users.sourceforge.net>
michga = Michele Garoche <michga@users.sourceforge.net>
mikestillman = Mike Stillman <mikestillman@users.sourceforge.net>
mommsen = Remi Mommsen <mommsen@users.sourceforge.net>
monipol = monipol <monipol@users.sourceforge.net>
mrvacbob = Alexander Strange <mrvacbob@users.sourceforge.net>
msachs = Matthew Sachs <msachs@users.sourceforge.net>
msek = Masanori Sekino <msek@users.sourceforge.net>
neeri = Matthias Neeracher <neeri@users.sourceforge.net>
newmanbe = Benn Newman <newmanbe@users.sourceforge.net>
nieder = Hanspeter Niederstrasser <nieder@users.sourceforge.net>
noolab = YOSHIZAWA Tomonari <noolab@users.sourceforge.net>
ogorman = Peter O'Gorman <peter@pogma.com>
okayama = Tomoaki Okayama <okayama@users.sourceforge.net>
oldgeese = Hiroyuki ONODA <oldgeese@users.sourceforge.net>
osx_rand = rand <osx_rand@users.sourceforge.net>
planetmirror = PlanetMirror <planetmirror@users.sourceforge.net>
rangerrick = Benjamin Reed <rangerrick@users.sourceforge.net>
rohanl = Rohan Lloyd <rohanl@users.sourceforge.net>
rv8 = Kevin Horton <rv8@users.sourceforge.net>
sao_x = Pedro Massobrio <sao_x@users.sourceforge.net>
schwern = Michael G Schwern <schwern@users.sourceforge.net>
shawn = Shawn Hsiao <shawn@users.sourceforge.net>
spundun = Spundun Bhatt <spundun@users.sourceforge.net>
thesin = Justin F. Hallett <thesin@users.sourceforge.net>
thoeger = Thøger Juul Thorsen <thoeger@users.sourceforge.net>
thomasko = Thomas Kotzian <thomasko@users.sourceforge.net>
tonyarnold = Tony Arnold <tonyarnold@users.sourceforge.net>
treiber = Mark Treiber <treiber@users.sourceforge.net>
uid124544 = Daniel Macks <dmacks@users.sourceforge.net>
uid21058 = Chris Zubrzycki <beren12@users.sourceforge.net>
uid38296 = Corey Halpin <crhalpin@users.sourceforge.net>
uid64118 = Christian Swinehart <cswinehart@users.sourceforge.net>
usata = Mamoru Komachi <usata@users.sourceforge.net>
vasi = Dave Vasilevsky <vasi@users.sourceforge.net>
wgscott = William Scott <wgscott@users.sourceforge.net>
wm3 = Motoi WASHIDA <wm3@users.sourceforge.net>
wtiggersf = Lenin Dominguez <wtiggersf@users.sourceforge.net>
yatsuo = ODA Keita <yatsuo@users.sourceforge.net>
zauc = Sylvain Cuaz <zauc@users.sourceforge.net>
zifra = Jose Ramon Portillo Fernandez <zifra@users.sourceforge.net>
zking = Blair Zajac <zking@users.sourceforge.net>
